2025-03-26 00:31:10 [http-nio-8080-exec-4] [DEBUG] o.s.security.web.FilterChainProxy - Securing GET /login
2025-03-26 00:31:10 [http-nio-8080-exec-4] [DEBUG] o.s.s.w.a.AnonymousAuthenticationFilter - Set SecurityContextHolder to anonymous SecurityContext
2025-03-26 00:31:10 [http-nio-8080-exec-4] [DEBUG] o.s.s.w.a.i.FilterSecurityInterceptor - Authorized filter invocation [GET /login] with attributes [permitAll]
2025-03-26 00:31:10 [http-nio-8080-exec-4] [DEBUG] o.s.security.web.FilterChainProxy - Secured GET /login
2025-03-26 00:31:25 [HikariPool-1 housekeeper] [WARN] com.zaxxer.hikari.pool.HikariPool - HikariPool-1 - Thread starvation or clock leap detected (housekeeper delta=50m30s551ms503µs600ns).
2025-03-26 00:53:40 [http-nio-8080-exec-10] [DEBUG] o.s.security.web.FilterChainProxy - Securing GET /oauth2/authorization/google
2025-03-26 00:53:40 [http-nio-8080-exec-10] [DEBUG] o.s.s.web.DefaultRedirectStrategy - Redirecting to https://accounts.google.com/o/oauth2/v2/auth?response_type=code&client_id=909915657042-l07l5jl8r3v54r15k12hp7vev9dor6r7.apps.googleusercontent.com&scope=openid%20profile%20email&state=LxKwmIA23MMEJFr6ft_JOt2HLZRmPK5wZ_q8dy0_Da8%3D&redirect_uri=http://localhost:8080/login/oauth2/code/google&nonce=ExZaVrV_D7zk59tDiotBlclok6pE1aM3pYRJM3KFRcI
2025-03-26 00:53:58 [http-nio-8080-exec-5] [DEBUG] o.s.security.web.FilterChainProxy - Securing GET /login/oauth2/code/google?state=LxKwmIA23MMEJFr6ft_JOt2HLZRmPK5wZ_q8dy0_Da8%3D&code=4%2F0AQSTgQEnRFM5QDycmPzgb_1k4oVrnPZyXhMEazeHZIRDiz8FGfXdgJVeRagglaKH5XRkfA&scope=email+profile+https%3A%2F%2Fwww.googleapis.com%2Fauth%2Fuserinfo.email+https%3A%2F%2Fwww.googleapis.com%2Fauth%2Fuserinfo.profile+openid&authuser=0&prompt=none
2025-03-26 00:53:59 [http-nio-8080-exec-5] [DEBUG] o.s.s.w.a.s.ChangeSessionIdAuthenticationStrategy - Changed session id from 14D01A742D34975684739F3DCCDFE465
2025-03-26 00:53:59 [http-nio-8080-exec-5] [DEBUG] o.s.s.w.c.HttpSessionSecurityContextRepository - Stored SecurityContextImpl [Authentication=OAuth2AuthenticationToken [Principal=Name: [107234087105093742255], Granted Authorities: [[OIDC_USER, SCOPE_https://www.googleapis.com/auth/userinfo.email, SCOPE_https://www.googleapis.com/auth/userinfo.profile, SCOPE_openid]], User Attributes: [{at_hash=KKvc6kV7WDCnGzQaDL0bcw, sub=107234087105093742255, email_verified=true, iss=https://accounts.google.com, given_name=Павел, nonce=ExZaVrV_D7zk59tDiotBlclok6pE1aM3pYRJM3KFRcI, picture=https://lh3.googleusercontent.com/a/ACg8ocJJoh9jonlTH61VWgvXCiXb0zCDjifGZZtZ30sCErS3N5ntDw=s96-c, aud=[909915657042-l07l5jl8r3v54r15k12hp7vev9dor6r7.apps.googleusercontent.com], azp=909915657042-l07l5jl8r3v54r15k12hp7vev9dor6r7.apps.googleusercontent.com, name=Павел Королев, exp=2025-03-25T22:53:58Z, family_name=Королев, iat=2025-03-25T21:53:58Z, email=passapdom@gmail.com}], Credentials=[PROTECTED], Authenticated=true, Details=WebAuthenticationDetails [RemoteIpAddress=0:0:0:0:0:0:0:1, SessionId=14D01A742D34975684739F3DCCDFE465], Granted Authorities=[OIDC_USER, SCOPE_https://www.googleapis.com/auth/userinfo.email, SCOPE_https://www.googleapis.com/auth/userinfo.profile, SCOPE_openid]]] to HttpSession [org.apache.catalina.session.StandardSessionFacade@7460cca8]
2025-03-26 00:53:59 [http-nio-8080-exec-5] [DEBUG] o.s.s.o.c.w.OAuth2LoginAuthenticationFilter - Set SecurityContextHolder to OAuth2AuthenticationToken [Principal=Name: [107234087105093742255], Granted Authorities: [[OIDC_USER, SCOPE_https://www.googleapis.com/auth/userinfo.email, SCOPE_https://www.googleapis.com/auth/userinfo.profile, SCOPE_openid]], User Attributes: [{at_hash=KKvc6kV7WDCnGzQaDL0bcw, sub=107234087105093742255, email_verified=true, iss=https://accounts.google.com, given_name=Павел, nonce=ExZaVrV_D7zk59tDiotBlclok6pE1aM3pYRJM3KFRcI, picture=https://lh3.googleusercontent.com/a/ACg8ocJJoh9jonlTH61VWgvXCiXb0zCDjifGZZtZ30sCErS3N5ntDw=s96-c, aud=[909915657042-l07l5jl8r3v54r15k12hp7vev9dor6r7.apps.googleusercontent.com], azp=909915657042-l07l5jl8r3v54r15k12hp7vev9dor6r7.apps.googleusercontent.com, name=Павел Королев, exp=2025-03-25T22:53:58Z, family_name=Королев, iat=2025-03-25T21:53:58Z, email=passapdom@gmail.com}], Credentials=[PROTECTED], Authenticated=true, Details=WebAuthenticationDetails [RemoteIpAddress=0:0:0:0:0:0:0:1, SessionId=14D01A742D34975684739F3DCCDFE465], Granted Authorities=[OIDC_USER, SCOPE_https://www.googleapis.com/auth/userinfo.email, SCOPE_https://www.googleapis.com/auth/userinfo.profile, SCOPE_openid]]
2025-03-26 00:53:59 [http-nio-8080-exec-5] [DEBUG] o.s.s.web.DefaultRedirectStrategy - Redirecting to /excursion
2025-03-26 00:53:59 [http-nio-8080-exec-3] [DEBUG] o.s.security.web.FilterChainProxy - Securing GET /excursion
2025-03-26 00:53:59 [http-nio-8080-exec-3] [DEBUG] o.s.s.w.c.HttpSessionSecurityContextRepository - Retrieved SecurityContextImpl [Authentication=OAuth2AuthenticationToken [Principal=Name: [107234087105093742255], Granted Authorities: [[OIDC_USER, SCOPE_https://www.googleapis.com/auth/userinfo.email, SCOPE_https://www.googleapis.com/auth/userinfo.profile, SCOPE_openid]], User Attributes: [{at_hash=KKvc6kV7WDCnGzQaDL0bcw, sub=107234087105093742255, email_verified=true, iss=https://accounts.google.com, given_name=Павел, nonce=ExZaVrV_D7zk59tDiotBlclok6pE1aM3pYRJM3KFRcI, picture=https://lh3.googleusercontent.com/a/ACg8ocJJoh9jonlTH61VWgvXCiXb0zCDjifGZZtZ30sCErS3N5ntDw=s96-c, aud=[909915657042-l07l5jl8r3v54r15k12hp7vev9dor6r7.apps.googleusercontent.com], azp=909915657042-l07l5jl8r3v54r15k12hp7vev9dor6r7.apps.googleusercontent.com, name=Павел Королев, exp=2025-03-25T22:53:58Z, family_name=Королев, iat=2025-03-25T21:53:58Z, email=passapdom@gmail.com}], Credentials=[PROTECTED], Authenticated=true, Details=WebAuthenticationDetails [RemoteIpAddress=0:0:0:0:0:0:0:1, SessionId=14D01A742D34975684739F3DCCDFE465], Granted Authorities=[OIDC_USER, SCOPE_https://www.googleapis.com/auth/userinfo.email, SCOPE_https://www.googleapis.com/auth/userinfo.profile, SCOPE_openid]]]
2025-03-26 00:53:59 [http-nio-8080-exec-3] [DEBUG] o.s.s.w.a.i.FilterSecurityInterceptor - Authorized filter invocation [GET /excursion] with attributes [permitAll]
2025-03-26 00:53:59 [http-nio-8080-exec-3] [DEBUG] o.s.security.web.FilterChainProxy - Secured GET /excursion
2025-03-26 00:53:59 [http-nio-8080-exec-2] [DEBUG] o.s.security.web.FilterChainProxy - Securing GET /css/styles.css
2025-03-26 00:53:59 [http-nio-8080-exec-9] [DEBUG] o.s.security.web.FilterChainProxy - Securing GET /img/logo_alliance.png
2025-03-26 00:53:59 [http-nio-8080-exec-2] [DEBUG] o.s.s.w.c.HttpSessionSecurityContextRepository - Retrieved SecurityContextImpl [Authentication=OAuth2AuthenticationToken [Principal=Name: [107234087105093742255], Granted Authorities: [[OIDC_USER, SCOPE_https://www.googleapis.com/auth/userinfo.email, SCOPE_https://www.googleapis.com/auth/userinfo.profile, SCOPE_openid]], User Attributes: [{at_hash=KKvc6kV7WDCnGzQaDL0bcw, sub=107234087105093742255, email_verified=true, iss=https://accounts.google.com, given_name=Павел, nonce=ExZaVrV_D7zk59tDiotBlclok6pE1aM3pYRJM3KFRcI, picture=https://lh3.googleusercontent.com/a/ACg8ocJJoh9jonlTH61VWgvXCiXb0zCDjifGZZtZ30sCErS3N5ntDw=s96-c, aud=[909915657042-l07l5jl8r3v54r15k12hp7vev9dor6r7.apps.googleusercontent.com], azp=909915657042-l07l5jl8r3v54r15k12hp7vev9dor6r7.apps.googleusercontent.com, name=Павел Королев, exp=2025-03-25T22:53:58Z, family_name=Королев, iat=2025-03-25T21:53:58Z, email=passapdom@gmail.com}], Credentials=[PROTECTED], Authenticated=true, Details=WebAuthenticationDetails [RemoteIpAddress=0:0:0:0:0:0:0:1, SessionId=14D01A742D34975684739F3DCCDFE465], Granted Authorities=[OIDC_USER, SCOPE_https://www.googleapis.com/auth/userinfo.email, SCOPE_https://www.googleapis.com/auth/userinfo.profile, SCOPE_openid]]]
2025-03-26 00:53:59 [http-nio-8080-exec-9] [DEBUG] o.s.s.w.c.HttpSessionSecurityContextRepository - Retrieved SecurityContextImpl [Authentication=OAuth2AuthenticationToken [Principal=Name: [107234087105093742255], Granted Authorities: [[OIDC_USER, SCOPE_https://www.googleapis.com/auth/userinfo.email, SCOPE_https://www.googleapis.com/auth/userinfo.profile, SCOPE_openid]], User Attributes: [{at_hash=KKvc6kV7WDCnGzQaDL0bcw, sub=107234087105093742255, email_verified=true, iss=https://accounts.google.com, given_name=Павел, nonce=ExZaVrV_D7zk59tDiotBlclok6pE1aM3pYRJM3KFRcI, picture=https://lh3.googleusercontent.com/a/ACg8ocJJoh9jonlTH61VWgvXCiXb0zCDjifGZZtZ30sCErS3N5ntDw=s96-c, aud=[909915657042-l07l5jl8r3v54r15k12hp7vev9dor6r7.apps.googleusercontent.com], azp=909915657042-l07l5jl8r3v54r15k12hp7vev9dor6r7.apps.googleusercontent.com, name=Павел Королев, exp=2025-03-25T22:53:58Z, family_name=Королев, iat=2025-03-25T21:53:58Z, email=passapdom@gmail.com}], Credentials=[PROTECTED], Authenticated=true, Details=WebAuthenticationDetails [RemoteIpAddress=0:0:0:0:0:0:0:1, SessionId=14D01A742D34975684739F3DCCDFE465], Granted Authorities=[OIDC_USER, SCOPE_https://www.googleapis.com/auth/userinfo.email, SCOPE_https://www.googleapis.com/auth/userinfo.profile, SCOPE_openid]]]
2025-03-26 00:53:59 [http-nio-8080-exec-2] [DEBUG] o.s.s.w.a.i.FilterSecurityInterceptor - Authorized filter invocation [GET /css/styles.css] with attributes [permitAll]
2025-03-26 00:53:59 [http-nio-8080-exec-9] [DEBUG] o.s.s.w.a.i.FilterSecurityInterceptor - Authorized filter invocation [GET /img/logo_alliance.png] with attributes [permitAll]
2025-03-26 00:53:59 [http-nio-8080-exec-2] [DEBUG] o.s.security.web.FilterChainProxy - Secured GET /c/img/logo_alliance.png
2025-03-26 00:53:59 [http-nio-8080-exec-6] [DEBUG] o.s.security.web.FilterChainProxy - ss/styles.css
                                                                                       2025-03-26 00:53:59 [http-nio-8080-exec-9] [DEBUG] o.s.security.web.FilterChainProxy - Secured GET Securing GET /images/placeholder.jpg
2025-03-26 00:53:59 [http-nio-8080-exec-1] [DEBUG] o.s.security.web.FilterChainProxy - Securing GET /img/tour-agency.jpg
2025-03-26 00:53:59 [http-nio-8080-exec-4] [DEBUG] o.s.security.web.FilterChainProxy - Securing GET /images/tour/77da970b-1e81-439d-a952-267262094a8c_kozelsk.jpg
2025-03-26 00:53:59 [http-nio-8080-exec-6] [DEBUG] o.s.s.w.c.HttpSessionSecurityContextRepository - Retrieved SecurityContextImpl [Authentication=OAuth2AuthenticationToken [Principal=Name: [107234087105093742255], Granted Authorities: [[OIDC_USER, SCOPE_https://www.googleapis.com/auth/userinfo.email, SCOPE_https://www.googleapis.com/auth/userinfo.profile, SCOPE_openid]], User Attributes: [{at_hash=KKvc6kV7WDCnGzQaDL0bcw, sub=107234087105093742255, email_verified=true, iss=https://accounts.google.com, given_name=Павел, nonce=ExZaVrV_D7zk59tDiotBlclok6pE1aM3pYRJM3KFRcI, picture=https://lh3.googleusercontent.com/a/ACg8ocJJoh9jonlTH61VWgvXCiXb0zCDjifGZZtZ30sCErS3N5ntDw=s96-c, aud=[909915657042-l07l5jl8r3v54r15k12hp7vev9dor6r7.apps.googleusercontent.com], azp=909915657042-l07l5jl8r3v54r15k12hp7vev9dor6r7.apps.googleusercontent.com, name=Павел Королев, exp=2025-03-25T22:53:58Z, family_name=Королев, iat=2025-03-25T21:53:58Z, email=passapdom@gmail.com}], Credentials=[PROTECTED], Authenticated=true, Details=WebAuthenticationDetails [RemoteIpAddress=0:0:0:0:0:0:0:1, SessionId=14D01A742D34975684739F3DCCDFE465], Granted Authorities=[OIDC_USER, SCOPE_https://www.googleapis.com/auth/userinfo.email, SCOPE_https://www.googleapis.com/auth/userinfo.profile, SCOPE_openid]]]
2025-03-26 00:53:59 [http-nio-8080-exec-4] [DEBUG] o.s.s.w.c.HttpSessionSecurityContextRepository - Retrieved SecurityContextImpl [Authentication=OAuth2AuthenticationToken [Principal=Name: [107234087105093742255], Granted Authorities: [[OIDC_USER, SCOPE_https://www.googleapis.com/auth/userinfo.email, SCOPE_https://www.googleapis.com/auth/userinfo.profile, SCOPE_openid]], User Attributes: [{at_hash=KKvc6kV7WDCnGzQaDL0bcw, sub=107234087105093742255, email_verified=true, iss=https://accounts.google.com, given_name=Павел, nonce=ExZaVrV_D7zk59tDiotBlclok6pE1aM3pYRJM3KFRcI, picture=https://lh3.googleusercontent.com/a/ACg8ocJJoh9jonlTH61VWgvXCiXb0zCDjifGZZtZ30sCErS3N5ntDw=s96-c, aud=[909915657042-l07l5jl8r3v54r15k12hp7vev9dor6r7.apps.googleusercontent.com], azp=909915657042-l07l5jl8r3v54r15k12hp7vev9dor6r7.apps.googleusercontent.com, name=Павел Королев, exp=2025-03-25T22:53:58Z, family_name=Королев, iat=2025-03-25T21:53:58Z, email=passapdom@gmail.com}], Credentials=[PROTECTED], Authenticated=true, Details=WebAuthenticationDetails [RemoteIpAddress=0:0:0:0:0:0:0:1, SessionId=14D01A742D34975684739F3DCCDFE465], Granted Authorities=[OIDC_USER, SCOPE_https://www.googleapis.com/auth/userinfo.email, SCOPE_https://www.googleapis.com/auth/userinfo.profile, SCOPE_openid]]]
2025-03-26 00:53:59 [http-nio-8080-exec-1] [DEBUG] o.s.s.w.c.HttpSessionSecurityContextRepository - Retrieved SecurityContextImpl [Authentication=OAuth2AuthenticationToken [Principal=Name: [107234087105093742255], Granted Authorities: [[OIDC_USER, SCOPE_https://www.googleapis.com/auth/userinfo.email, SCOPE_https://www.googleapis.com/auth/userinfo.profile, SCOPE_openid]], User Attributes: [{at_hash=KKvc6kV7WDCnGzQaDL0bcw, sub=107234087105093742255, email_verified=true, iss=https://accounts.google.com, given_name=Павел, nonce=ExZaVrV_D7zk59tDiotBlclok6pE1aM3pYRJM3KFRcI, picture=https://lh3.googleusercontent.com/a/ACg8ocJJoh9jonlTH61VWgvXCiXb0zCDjifGZZtZ30sCErS3N5ntDw=s96-c, aud=[909915657042-l07l5jl8r3v54r15k12hp7vev9dor6r7.apps.googleusercontent.com], azp=909915657042-l07l5jl8r3v54r15k12hp7vev9dor6r7.apps.googleusercontent.com, name=Павел Королев, exp=2025-03-25T22:53:58Z, family_name=Королев, iat=2025-03-25T21:53:58Z, email=passapdom@gmail.com}], Credentials=[PROTECTED], Authenticated=true, Details=WebAuthenticationDetails [RemoteIpAddress=0:0:0:0:0:0:0:1, SessionId=14D01A742D34975684739F3DCCDFE465], Granted Authorities=[OIDC_USER, SCOPE_https://www.googleapis.com/auth/userinfo.email, SCOPE_https://www.googleapis.com/auth/userinfo.profile, SCOPE_openid]]]
2025-03-26 00:53:59 [http-nio-8080-exec-6] [DEBUG] o.s.s.w.a.i.FilterSecurityInterceptor - Authorized filter invocation [GET /images/placeholder.jpg] with attributes [permitAll]
2025-03-26 00:53:59 [http-nio-8080-exec-1] [DEBUG] o.s.s.w.a.i.FilterSecurityInterceptor - Authorized filter invocation [GET /img/tour-agency.jpg] with attributes [permitAll]
2025-03-26 00:53:59 [http-nio-8080-exec-4] [DEBUG] o.s.s.w.a.i.FilterSecurityInterceptor - Authorized filter invocation [GET /images/tour/77da970b-1e81-439d-a952-267262094a8c_kozelsk.jpg] with attributes [permitAll]
2025-03-26 00:53:59 [http-nio-8080-exec-6] [DEBUG] o.s.security.web.FilterChainProxy - Secured GET /images/placeholder.jpg
2025-03-26 00:53:59 [http-nio-8080-exec-1] [DEBUG] o.s.security.web.FilterChainProxy - Secured GET /img/tour-agency.jpg
2025-03-26 00:53:59 [http-nio-8080-exec-4] [DEBUG] o.s.security.web.FilterChainProxy - Secured GET /images/tour/77da970b-1e81-439d-a952-267262094a8c_kozelsk.jpg
2025-03-26 00:53:59 [http-nio-8080-exec-6] [DEBUG] o.s.security.web.FilterChainProxy - Securing GET /error
2025-03-26 00:53:59 [http-nio-8080-exec-1] [DEBUG] o.s.security.web.FilterChainProxy - Securing GET /error
2025-03-26 00:53:59 [http-nio-8080-exec-6] [DEBUG] o.s.s.w.c.HttpSessionSecurityContextRepository - Retrieved SecurityContextImpl [Authentication=OAuth2AuthenticationToken [Principal=Name: [107234087105093742255], Granted Authorities: [[OIDC_USER, SCOPE_https://www.googleapis.com/auth/userinfo.email, SCOPE_https://www.googleapis.com/auth/userinfo.profile, SCOPE_openid]], User Attributes: [{at_hash=KKvc6kV7WDCnGzQaDL0bcw, sub=107234087105093742255, email_verified=true, iss=https://accounts.google.com, given_name=Павел, nonce=ExZaVrV_D7zk59tDiotBlclok6pE1aM3pYRJM3KFRcI, picture=https://lh3.googleusercontent.com/a/ACg8ocJJoh9jonlTH61VWgvXCiXb0zCDjifGZZtZ30sCErS3N5ntDw=s96-c, aud=[909915657042-l07l5jl8r3v54r15k12hp7vev9dor6r7.apps.googleusercontent.com], azp=909915657042-l07l5jl8r3v54r15k12hp7vev9dor6r7.apps.googleusercontent.com, name=Павел Королев, exp=2025-03-25T22:53:58Z, family_name=Королев, iat=2025-03-25T21:53:58Z, email=passapdom@gmail.com}], Credentials=[PROTECTED], Authenticated=true, Details=WebAuthenticationDetails [RemoteIpAddress=0:0:0:0:0:0:0:1, SessionId=14D01A742D34975684739F3DCCDFE465], Granted Authorities=[OIDC_USER, SCOPE_https://www.googleapis.com/auth/userinfo.email, SCOPE_https://www.googleapis.com/auth/userinfo.profile, SCOPE_openid]]]
2025-03-26 00:53:59 [http-nio-8080-exec-1] [DEBUG] o.s.s.w.c.HttpSessionSecurityContextRepository - Retrieved SecurityContextImpl [Authentication=OAuth2AuthenticationToken [Principal=Name: [107234087105093742255], Granted Authorities: [[OIDC_USER, SCOPE_https://www.googleapis.com/auth/userinfo.email, SCOPE_https://www.googleapis.com/auth/userinfo.profile, SCOPE_openid]], User Attributes: [{at_hash=KKvc6kV7WDCnGzQaDL0bcw, sub=107234087105093742255, email_verified=true, iss=https://accounts.google.com, given_name=Павел, nonce=ExZaVrV_D7zk59tDiotBlclok6pE1aM3pYRJM3KFRcI, picture=https://lh3.googleusercontent.com/a/ACg8ocJJoh9jonlTH61VWgvXCiXb0zCDjifGZZtZ30sCErS3N5ntDw=s96-c, aud=[909915657042-l07l5jl8r3v54r15k12hp7vev9dor6r7.apps.googleusercontent.com], azp=909915657042-l07l5jl8r3v54r15k12hp7vev9dor6r7.apps.googleusercontent.com, name=Павел Королев, exp=2025-03-25T22:53:58Z, family_name=Королев, iat=2025-03-25T21:53:58Z, email=passapdom@gmail.com}], Credentials=[PROTECTED], Authenticated=true, Details=WebAuthenticationDetails [RemoteIpAddress=0:0:0:0:0:0:0:1, SessionId=14D01A742D34975684739F3DCCDFE465], Granted Authorities=[OIDC_USER, SCOPE_https://www.googleapis.com/auth/userinfo.email, SCOPE_https://www.googleapis.com/auth/userinfo.profile, SCOPE_openid]]]
2025-03-26 00:53:59 [http-nio-8080-exec-6] [DEBUG] o.s.s.w.a.i.FilterSecurityInterceptor - Authorized filter invocation [GET /error] with attributes [permitAll]
2025-03-26 00:53:59 [http-nio-8080-exec-1] [DEBUG] o.s.s.w.a.i.FilterSecurityInterceptor - Authorized filter invocation [GET /error] with attributes [permitAll]
2025-03-26 00:53:59 [http-nio-8080-exec-6] [DEBUG] o.s.security.web.FilterChainProxy - Secured GET /error
2025-03-26 00:53:59 [http-nio-8080-exec-1] [DEBUG] o.s.security.web.FilterChainProxy - Secured GET /error
2025-03-26 00:53:59 [http-nio-8080-exec-7] [DEBUG] o.s.security.web.FilterChainProxy - Securing GET /images/tour/70efb4f2-568c-40d0-b39f-55ed0ccbc07e_00-Козельск.jpg
2025-03-26 00:53:59 [http-nio-8080-exec-7] [DEBUG] o.s.s.w.c.HttpSessionSecurityContextRepository - Retrieved SecurityContextImpl [Authentication=OAuth2AuthenticationToken [Principal=Name: [107234087105093742255], Granted Authorities: [[OIDC_USER, SCOPE_https://www.googleapis.com/auth/userinfo.email, SCOPE_https://www.googleapis.com/auth/userinfo.profile, SCOPE_openid]], User Attributes: [{at_hash=KKvc6kV7WDCnGzQaDL0bcw, sub=107234087105093742255, email_verified=true, iss=https://accounts.google.com, given_name=Павел, nonce=ExZaVrV_D7zk59tDiotBlclok6pE1aM3pYRJM3KFRcI, picture=https://lh3.googleusercontent.com/a/ACg8ocJJoh9jonlTH61VWgvXCiXb0zCDjifGZZtZ30sCErS3N5ntDw=s96-c, aud=[909915657042-l07l5jl8r3v54r15k12hp7vev9dor6r7.apps.googleusercontent.com], azp=909915657042-l07l5jl8r3v54r15k12hp7vev9dor6r7.apps.googleusercontent.com, name=Павел Королев, exp=2025-03-25T22:53:58Z, family_name=Королев, iat=2025-03-25T21:53:58Z, email=passapdom@gmail.com}], Credentials=[PROTECTED], Authenticated=true, Details=WebAuthenticationDetails [RemoteIpAddress=0:0:0:0:0:0:0:1, SessionId=14D01A742D34975684739F3DCCDFE465], Granted Authorities=[OIDC_USER, SCOPE_https://www.googleapis.com/auth/userinfo.email, SCOPE_https://www.googleapis.com/auth/userinfo.profile, SCOPE_openid]]]
2025-03-26 00:53:59 [http-nio-8080-exec-7] [DEBUG] o.s.s.w.a.i.FilterSecurityInterceptor - Authorized filter invocation [GET /images/tour/70efb4f2-568c-40d0-b39f-55ed0ccbc07e_00-Козельск.jpg] with attributes [permitAll]
2025-03-26 00:53:59 [http-nio-8080-exec-7] [DEBUG] o.s.security.web.FilterChainProxy - Secured GET /images/tour/70efb4f2-568c-40d0-b39f-55ed0ccbc07e_00-Козельск.jpg
2025-03-26 00:56:24 [SpringApplicationShutdownHook] [INFO] o.s.o.j.LocalContainerEntityManagerFactoryBean - Closing JPA EntityManagerFactory for persistence unit 'default'
2025-03-26 00:56:24 [SpringApplicationShutdownHook] [INFO] com.zaxxer.hikari.HikariDataSource - HikariPool-1 - Shutdown initiated...
2025-03-26 00:56:24 [SpringApplicationShutdownHook] [INFO] com.zaxxer.hikari.HikariDataSource - HikariPool-1 - Shutdown completed.
2025-03-26 15:48:45 [background-preinit] [INFO] o.h.validator.internal.util.Version - HV000001: Hibernate Validator 8.0.1.Final
2025-03-26 15:48:45 [restartedMain] [INFO] r.k.alliance.AllianceApplication - Starting AllianceApplication using Java 23.0.1 with PID 3012 (C:\Users\Zver\Desktop\Projects\alliance\target\classes started by pavel in C:\Users\Zver\Desktop\Projects\alliance)
2025-03-26 15:48:45 [restartedMain] [INFO] r.k.alliance.AllianceApplication - No active profile set, falling back to 1 default profile: "default"
2025-03-26 15:48:45 [restartedMain] [INFO] o.s.b.d.e.DevToolsPropertyDefaultsPostProcessor - Devtools property defaults active! Set 'spring.devtools.add-properties' to 'false' to disable
2025-03-26 15:48:45 [restartedMain] [INFO] o.s.b.d.e.DevToolsPropertyDefaultsPostProcessor - For additional web related logging consider setting the 'logging.level.web' property to 'DEBUG'
2025-03-26 15:48:46 [restartedMain] [INFO] o.s.d.r.c.RepositoryConfigurationDelegate - Bootstrapping Spring Data JPA repositories in DEFAULT mode.
2025-03-26 15:48:46 [restartedMain] [INFO] o.s.d.r.c.RepositoryConfigurationDelegate - Finished Spring Data repository scanning in 93 ms. Found 10 JPA repository interfaces.
2025-03-26 15:48:47 [restartedMain] [INFO] o.s.b.w.e.tomcat.TomcatWebServer - Tomcat initialized with port 8080 (http)
2025-03-26 15:48:47 [restartedMain] [INFO] o.a.coyote.http11.Http11NioProtocol - Initializing ProtocolHandler ["http-nio-8080"]
2025-03-26 15:48:47 [restartedMain] [INFO] o.a.catalina.core.StandardService - Starting service [Tomcat]
2025-03-26 15:48:47 [restartedMain] [INFO] o.a.catalina.core.StandardEngine - Starting Servlet engine: [Apache Tomcat/10.1.31]
2025-03-26 15:48:47 [restartedMain] [INFO] o.a.c.c.C.[Tomcat].[localhost].[/] - Initializing Spring embedded WebApplicationContext
2025-03-26 15:48:47 [restartedMain] [INFO] o.s.b.w.s.c.ServletWebServerApplicationContext - Root WebApplicationContext: initialization completed in 2283 ms
2025-03-26 15:48:48 [restartedMain] [INFO] com.zaxxer.hikari.HikariDataSource - HikariPool-1 - Starting...
2025-03-26 15:48:48 [restartedMain] [INFO] com.zaxxer.hikari.pool.HikariPool - HikariPool-1 - Added connection org.postgresql.jdbc.PgConnection@1aab43fc
2025-03-26 15:48:48 [restartedMain] [INFO] com.zaxxer.hikari.HikariDataSource - HikariPool-1 - Start completed.
2025-03-26 15:48:48 [restartedMain] [INFO] o.h.jpa.internal.util.LogHelper - HHH000204: Processing PersistenceUnitInfo [name: default]
2025-03-26 15:48:48 [restartedMain] [INFO] org.hibernate.Version - HHH000412: Hibernate ORM core version 6.5.3.Final
2025-03-26 15:48:48 [restartedMain] [INFO] o.h.c.i.RegionFactoryInitiator - HHH000026: Second-level cache disabled
2025-03-26 15:48:48 [restartedMain] [INFO] o.s.o.j.p.SpringPersistenceUnitInfo - No LoadTimeWeaver setup: ignoring JPA class transformer
2025-03-26 15:48:50 [restartedMain] [INFO] o.h.e.t.j.p.i.JtaPlatformInitiator - HHH000489: No JTA platform available (set 'hibernate.transaction.jta.platform' to enable JTA platform integration)
2025-03-26 15:48:50 [restartedMain] [INFO] o.s.o.j.LocalContainerEntityManagerFactoryBean - Initialized JPA EntityManagerFactory for persistence unit 'default'
2025-03-26 15:48:50 [restartedMain] [WARN] o.s.b.a.o.j.JpaBaseConfiguration$JpaWebConfiguration - spring.jpa.open-in-view is enabled by default. Therefore, database queries may be performed during view rendering. Explicitly configure spring.jpa.open-in-view to disable this warning
2025-03-26 15:48:51 [restartedMain] [INFO] o.s.s.c.a.a.c.InitializeUserDetailsBeanManagerConfigurer$InitializeUserDetailsManagerConfigurer - Global AuthenticationManager configured with UserDetailsService bean with name myUserDetailsService
2025-03-26 15:48:51 [restartedMain] [INFO] o.s.b.a.e.web.EndpointLinksResolver - Exposing 14 endpoints beneath base path '/actuator'
2025-03-26 15:48:51 [restartedMain] [DEBUG] o.s.s.w.a.e.ExpressionBasedFilterInvocationSecurityMetadataSource - Adding web access control expression [permitAll] for ExactUrl [processUrl='/login?error']
2025-03-26 15:48:51 [restartedMain] [DEBUG] o.s.s.w.a.e.ExpressionBasedFilterInvocationSecurityMetadataSource - Adding web access control expression [permitAll] for ExactUrl [processUrl='/login']
2025-03-26 15:48:51 [restartedMain] [DEBUG] o.s.s.w.a.e.ExpressionBasedFilterInvocationSecurityMetadataSource - Adding web access control expression [permitAll] for ExactUrl [processUrl='/login']
2025-03-26 15:48:51 [restartedMain] [DEBUG] o.s.s.w.a.e.ExpressionBasedFilterInvocationSecurityMetadataSource - Adding web access control expression [permitAll] for Or [Ant [pattern='/logout', GET], Ant [pattern='/logout', POST], Ant [pattern='/logout', PUT], Ant [pattern='/logout', DELETE]]
2025-03-26 15:48:51 [restartedMain] [DEBUG] o.s.s.w.a.e.ExpressionBasedFilterInvocationSecurityMetadataSource - Adding web access control expression [permitAll] for ExactUrl [processUrl='/realty']
2025-03-26 15:48:51 [restartedMain] [DEBUG] o.s.s.w.a.e.ExpressionBasedFilterInvocationSecurityMetadataSource - Adding web access control expression [hasRole('ROLE_ADMIN')] for Deferred [Mvc [pattern='/admin/**'], Ant [pattern='/admin/**']]
2025-03-26 15:48:51 [restartedMain] [DEBUG] o.s.s.w.a.e.ExpressionBasedFilterInvocationSecurityMetadataSource - Adding web access control expression [hasRole('ROLE_ADMIN')] for Deferred [Mvc [pattern='/realty/new'], Ant [pattern='/realty/new']]
2025-03-26 15:48:51 [restartedMain] [DEBUG] o.s.s.w.a.e.ExpressionBasedFilterInvocationSecurityMetadataSource - Adding web access control expression [hasRole('ROLE_ADMIN')] for Deferred [Mvc [pattern='/realty/edit/**'], Ant [pattern='/realty/edit/**']]
2025-03-26 15:48:51 [restartedMain] [DEBUG] o.s.s.w.a.e.ExpressionBasedFilterInvocationSecurityMetadataSource - Adding web access control expression [hasRole('ROLE_ADMIN')] for Deferred [Mvc [pattern='/realty/delete/**'], Ant [pattern='/realty/delete/**']]
2025-03-26 15:48:51 [restartedMain] [DEBUG] o.s.s.w.a.e.ExpressionBasedFilterInvocationSecurityMetadataSource - Adding web access control expression [authenticated] for Deferred [Mvc [pattern='/temp'], Ant [pattern='/temp']]
2025-03-26 15:48:51 [restartedMain] [DEBUG] o.s.s.w.a.e.ExpressionBasedFilterInvocationSecurityMetadataSource - Adding web access control expression [permitAll] for any request
2025-03-26 15:48:51 [restartedMain] [DEBUG] o.s.s.web.DefaultSecurityFilterChain - Will secure any request with filters: DisableEncodeUrlFilter, WebAsyncManagerIntegrationFilter, SecurityContextHolderFilter, HeaderWriterFilter, LogoutFilter, OAuth2AuthorizationRequestRedirectFilter, OAuth2LoginAuthenticationFilter, UsernamePasswordAuthenticationFilter, RequestCacheAwareFilter, SecurityContextHolderAwareRequestFilter, AnonymousAuthenticationFilter, ExceptionTranslationFilter, FilterSecurityInterceptor
2025-03-26 15:48:52 [restartedMain] [INFO] o.s.b.d.a.OptionalLiveReloadServer - LiveReload server is running on port 35729
2025-03-26 15:48:52 [restartedMain] [INFO] o.a.coyote.http11.Http11NioProtocol - Starting ProtocolHandler ["http-nio-8080"]
2025-03-26 15:48:52 [restartedMain] [INFO] o.s.b.w.e.tomcat.TomcatWebServer - Tomcat started on port 8080 (http) with context path '/'
2025-03-26 15:48:52 [restartedMain] [INFO] r.k.alliance.AllianceApplication - Started AllianceApplication in 7.372 seconds (process running for 8.436)
2025-03-26 15:48:52 [RMI TCP Connection(3)-192.168.2.209] [INFO] o.a.c.c.C.[Tomcat].[localhost].[/] - Initializing Spring DispatcherServlet 'dispatcherServlet'
2025-03-26 15:48:52 [RMI TCP Connection(3)-192.168.2.209] [INFO] o.s.web.servlet.DispatcherServlet - Initializing Servlet 'dispatcherServlet'
2025-03-26 15:48:52 [RMI TCP Connection(3)-192.168.2.209] [INFO] o.s.web.servlet.DispatcherServlet - Completed initialization in 2 ms
2025-03-26 15:48:57 [http-nio-8080-exec-1] [DEBUG] o.s.security.web.FilterChainProxy - Securing GET /excursion
2025-03-26 15:48:57 [http-nio-8080-exec-1] [DEBUG] o.s.s.w.a.AnonymousAuthenticationFilter - Set SecurityContextHolder to anonymous SecurityContext
2025-03-26 15:48:57 [http-nio-8080-exec-1] [DEBUG] o.s.s.w.a.i.FilterSecurityInterceptor - Authorized filter invocation [GET /excursion] with attributes [permitAll]
2025-03-26 15:48:57 [http-nio-8080-exec-1] [DEBUG] o.s.security.web.FilterChainProxy - Secured GET /excursion
2025-03-26 15:48:58 [http-nio-8080-exec-7] [DEBUG] o.s.security.web.FilterChainProxy - Securing GET /css/styles.css
2025-03-26 15:48:58 [http-nio-8080-exec-10] [DEBUG] o.s.security.web.FilterChainProxy - Securing GET /img/logo_alliance.png
2025-03-26 15:48:58 [http-nio-8080-exec-10] [DEBUG] o.s.s.w.a.AnonymousAuthenticationFilter - Set SecurityContextHolder to anonymous SecurityContext
2025-03-26 15:48:58 [http-nio-8080-exec-7] [DEBUG] o.s.s.w.a.AnonymousAuthenticationFilter - Set SecurityContextHolder to anonymous SecurityContext
2025-03-26 15:48:58 [http-nio-8080-exec-7] [DEBUG] o.s.s.w.a.i.FilterSecurityInterceptor - Authorized filter invocation [GET /css/styles.css] with attributes [permitAll]
2025-03-26 15:48:58 [http-nio-8080-exec-10] [DEBUG] o.s.s.w.a.i.FilterSecurityInterceptor - Authorized filter invocation [GET /img/logo_alliance.png] with attributes [permitAll]
2025-03-26 15:48:58 [http-nio-8080-exec-10] [DEBUG] o.s.security.web.FilterChainProxy - Secured GET /img/logo_alliance.png
2025-03-26 15:48:58 [http-nio-8080-exec-7] [DEBUG] o.s.security.web.FilterChainProxy - Secured GET /css/styles.css
2025-03-26 15:48:58 [http-nio-8080-exec-9] [DEBUG] o.s.security.web.FilterChainProxy - Securing GET /img/tour-agency.jpg
2025-03-26 15:48:58 [http-nio-8080-exec-3] [DEBUG] o.s.security.web.FilterChainProxy - Securing GET /images/tour/77da970b-1e81-439d-a952-267262094a8c_kozelsk.jpg
2025-03-26 15:48:58 [http-nio-8080-exec-8] [DEBUG] o.s.security.web.FilterChainProxy - Securing GET /images/placeholder.jpg
2025-03-26 15:48:58 [http-nio-8080-exec-9] [DEBUG] o.s.s.w.a.AnonymousAuthenticationFilter - Set SecurityContextHolder to anonymous SecurityContext
2025-03-26 15:48:58 [http-nio-8080-exec-8] [DEBUG] o.s.s.w.a.AnonymousAuthenticationFilter - Set SecurityContextHolder to anonymous SecurityContext
2025-03-26 15:48:58 [http-nio-8080-exec-3] [DEBUG] o.s.s.w.a.AnonymousAuthenticationFilter - Set SecurityContextHolder to anonymous SecurityContext
2025-03-26 15:48:58 [http-nio-8080-exec-3] [DEBUG] o.s.s.w.a.i.FilterSecurityInterceptor - Authorized filter invocation [GET /images/tour/77da970b-1e81-439d-a952-267262094a8c_kozelsk.jpg] with attributes [permitAll]
2025-03-26 15:48:58 [http-nio-8080-exec-8] [DEBUG] o.s.s.w.a.i.FilterSecurityInterceptor - Authorized filter invocation [GET /images/placeholder.jpg] with attributes [permitAll]
2025-03-26 15:48:58 [http-nio-8080-exec-9] [DEBUG] o.s.s.w.a.i.FilterSecurityInterceptor - Authorized filter invocation [GET /img/tour-agency.jpg] with attributes [permitAll]
2025-03-26 15:48:58 [http-nio-8080-exec-9] [DEBUG] o.s.security.web.FilterChainProxy - Secured GET /img/tour-agency.jpg
2025-03-26 15:48:58 [http-nio-8080-exec-8] [DEBUG] o.s.security.web.FilterChainProxy - Secured GET /images/placeholder.jpg
2025-03-26 15:48:58 [http-nio-8080-exec-3] [DEBUG] o.s.security.web.FilterChainProxy - Secured GET /images/tour/77da970b-1e81-439d-a952-267262094a8c_kozelsk.jpg
2025-03-26 15:48:58 [http-nio-8080-exec-4] [DEBUG] o.s.security.web.FilterChainProxy - Securing GET /images/tour/70efb4f2-568c-40d0-b39f-55ed0ccbc07e_00-Козельск.jpg
2025-03-26 15:48:58 [http-nio-8080-exec-4] [DEBUG] o.s.s.w.a.AnonymousAuthenticationFilter - Set SecurityContextHolder to anonymous SecurityContext
2025-03-26 15:48:58 [http-nio-8080-exec-4] [DEBUG] o.s.s.w.a.i.FilterSecurityInterceptor - Authorized filter invocation [GET /images/tour/70efb4f2-568c-40d0-b39f-55ed0ccbc07e_00-Козельск.jpg] with attributes [permitAll]
2025-03-26 15:48:58 [http-nio-8080-exec-4] [DEBUG] o.s.security.web.FilterChainProxy - Secured GET /images/tour/70efb4f2-568c-40d0-b39f-55ed0ccbc07e_00-Козельск.jpg
2025-03-26 15:48:58 [http-nio-8080-exec-9] [DEBUG] o.s.security.web.FilterChainProxy - Securing GET /error
2025-03-26 15:48:58 [http-nio-8080-exec-8] [DEBUG] o.s.security.web.FilterChainProxy - Securing GET /error
2025-03-26 15:48:58 [http-nio-8080-exec-8] [DEBUG] o.s.s.w.a.AnonymousAuthenticationFilter - Set SecurityContextHolder to anonymous SecurityContext
2025-03-26 15:48:58 [http-nio-8080-exec-9] [DEBUG] o.s.s.w.a.AnonymousAuthenticationFilter - Set SecurityContextHolder to anonymous SecurityContext
2025-03-26 15:48:58 [http-nio-8080-exec-9] [DEBUG] o.s.s.w.a.i.FilterSecurityInterceptor - Authorized filter invocation [GET /error] with attributes [permitAll]
2025-03-26 15:48:58 [http-nio-8080-exec-8] [DEBUG] o.s.s.w.a.i.FilterSecurityInterceptor - Authorized filter invocation [GET /error] with attributes [permitAll]
2025-03-26 15:48:58 [http-nio-8080-exec-8] [DEBUG] o.s.security.web.FilterChainProxy - Secured GET /error
2025-03-26 15:48:58 [http-nio-8080-exec-9] [DEBUG] o.s.security.web.FilterChainProxy - Secured GET /error
2025-03-26 15:48:59 [http-nio-8080-exec-6] [DEBUG] o.s.security.web.FilterChainProxy - Securing GET /favicon.ico
2025-03-26 15:48:59 [http-nio-8080-exec-6] [DEBUG] o.s.s.w.a.AnonymousAuthenticationFilter - Set SecurityContextHolder to anonymous SecurityContext
2025-03-26 15:48:59 [http-nio-8080-exec-6] [DEBUG] o.s.s.w.a.i.FilterSecurityInterceptor - Authorized filter invocation [GET /favicon.ico] with attributes [permitAll]
2025-03-26 15:48:59 [http-nio-8080-exec-6] [DEBUG] o.s.security.web.FilterChainProxy - Secured GET /favicon.ico
2025-03-26 15:48:59 [http-nio-8080-exec-6] [DEBUG] o.s.security.web.FilterChainProxy - Securing GET /error
2025-03-26 15:48:59 [http-nio-8080-exec-6] [DEBUG] o.s.s.w.a.AnonymousAuthenticationFilter - Set SecurityContextHolder to anonymous SecurityContext
2025-03-26 15:48:59 [http-nio-8080-exec-6] [DEBUG] o.s.s.w.a.i.FilterSecurityInterceptor - Authorized filter invocation [GET /error] with attributes [permitAll]
2025-03-26 15:48:59 [http-nio-8080-exec-6] [DEBUG] o.s.security.web.FilterChainProxy - Secured GET /error
2025-03-26 15:49:01 [SpringApplicationShutdownHook] [INFO] o.s.o.j.LocalContainerEntityManagerFactoryBean - Closing JPA EntityManagerFactory for persistence unit 'default'
2025-03-26 15:49:01 [SpringApplicationShutdownHook] [INFO] com.zaxxer.hikari.HikariDataSource - HikariPool-1 - Shutdown initiated...
2025-03-26 15:49:01 [SpringApplicationShutdownHook] [INFO] com.zaxxer.hikari.HikariDataSource - HikariPool-1 - Shutdown completed.
2025-03-26 15:49:53 [background-preinit] [INFO] o.h.validator.internal.util.Version - HV000001: Hibernate Validator 8.0.1.Final
2025-03-26 15:49:53 [restartedMain] [INFO] r.k.alliance.AllianceApplication - Starting AllianceApplication using Java 23.0.1 with PID 9244 (C:\Users\Zver\Desktop\Projects\alliance\target\classes started by pavel in C:\Users\Zver\Desktop\Projects\alliance)
2025-03-26 15:49:53 [restartedMain] [INFO] r.k.alliance.AllianceApplication - No active profile set, falling back to 1 default profile: "default"
2025-03-26 15:49:53 [restartedMain] [INFO] o.s.b.d.e.DevToolsPropertyDefaultsPostProcessor - Devtools property defaults active! Set 'spring.devtools.add-properties' to 'false' to disable
2025-03-26 15:49:53 [restartedMain] [INFO] o.s.b.d.e.DevToolsPropertyDefaultsPostProcessor - For additional web related logging consider setting the 'logging.level.web' property to 'DEBUG'
2025-03-26 15:49:55 [restartedMain] [INFO] o.s.d.r.c.RepositoryConfigurationDelegate - Bootstrapping Spring Data JPA repositories in DEFAULT mode.
2025-03-26 15:49:55 [restartedMain] [INFO] o.s.d.r.c.RepositoryConfigurationDelegate - Finished Spring Data repository scanning in 77 ms. Found 10 JPA repository interfaces.
2025-03-26 15:49:55 [restartedMain] [INFO] o.s.b.w.e.tomcat.TomcatWebServer - Tomcat initialized with port 8080 (http)
2025-03-26 15:49:55 [restartedMain] [INFO] o.a.coyote.http11.Http11NioProtocol - Initializing ProtocolHandler ["http-nio-8080"]
2025-03-26 15:49:55 [restartedMain] [INFO] o.a.catalina.core.StandardService - Starting service [Tomcat]
2025-03-26 15:49:55 [restartedMain] [INFO] o.a.catalina.core.StandardEngine - Starting Servlet engine: [Apache Tomcat/10.1.31]
2025-03-26 15:49:55 [restartedMain] [INFO] o.a.c.c.C.[Tomcat].[localhost].[/] - Initializing Spring embedded WebApplicationContext
2025-03-26 15:49:55 [restartedMain] [INFO] o.s.b.w.s.c.ServletWebServerApplicationContext - Root WebApplicationContext: initialization completed in 1969 ms
2025-03-26 15:49:56 [restartedMain] [INFO] com.zaxxer.hikari.HikariDataSource - HikariPool-1 - Starting...
2025-03-26 15:49:56 [restartedMain] [INFO] com.zaxxer.hikari.pool.HikariPool - HikariPool-1 - Added connection org.postgresql.jdbc.PgConnection@32db7db7
2025-03-26 15:49:56 [restartedMain] [INFO] com.zaxxer.hikari.HikariDataSource - HikariPool-1 - Start completed.
2025-03-26 15:49:56 [restartedMain] [INFO] o.h.jpa.internal.util.LogHelper - HHH000204: Processing PersistenceUnitInfo [name: default]
2025-03-26 15:49:56 [restartedMain] [INFO] org.hibernate.Version - HHH000412: Hibernate ORM core version 6.5.3.Final
2025-03-26 15:49:56 [restartedMain] [INFO] o.h.c.i.RegionFactoryInitiator - HHH000026: Second-level cache disabled
2025-03-26 15:49:56 [restartedMain] [INFO] o.s.o.j.p.SpringPersistenceUnitInfo - No LoadTimeWeaver setup: ignoring JPA class transformer
2025-03-26 15:49:57 [restartedMain] [INFO] o.h.e.t.j.p.i.JtaPlatformInitiator - HHH000489: No JTA platform available (set 'hibernate.transaction.jta.platform' to enable JTA platform integration)
2025-03-26 15:49:57 [restartedMain] [INFO] o.s.o.j.LocalContainerEntityManagerFactoryBean - Initialized JPA EntityManagerFactory for persistence unit 'default'
2025-03-26 15:49:58 [restartedMain] [WARN] o.s.b.a.o.j.JpaBaseConfiguration$JpaWebConfiguration - spring.jpa.open-in-view is enabled by default. Therefore, database queries may be performed during view rendering. Explicitly configure spring.jpa.open-in-view to disable this warning
2025-03-26 15:49:58 [restartedMain] [INFO] o.s.s.c.a.a.c.InitializeUserDetailsBeanManagerConfigurer$InitializeUserDetailsManagerConfigurer - Global AuthenticationManager configured with UserDetailsService bean with name myUserDetailsService
2025-03-26 15:49:59 [restartedMain] [INFO] o.s.b.a.e.web.EndpointLinksResolver - Exposing 14 endpoints beneath base path '/actuator'
2025-03-26 15:49:59 [restartedMain] [DEBUG] o.s.s.w.a.e.ExpressionBasedFilterInvocationSecurityMetadataSource - Adding web access control expression [permitAll] for ExactUrl [processUrl='/login?error']
2025-03-26 15:49:59 [restartedMain] [DEBUG] o.s.s.w.a.e.ExpressionBasedFilterInvocationSecurityMetadataSource - Adding web access control expression [permitAll] for ExactUrl [processUrl='/login']
2025-03-26 15:49:59 [restartedMain] [DEBUG] o.s.s.w.a.e.ExpressionBasedFilterInvocationSecurityMetadataSource - Adding web access control expression [permitAll] for ExactUrl [processUrl='/login']
2025-03-26 15:49:59 [restartedMain] [DEBUG] o.s.s.w.a.e.ExpressionBasedFilterInvocationSecurityMetadataSource - Adding web access control expression [permitAll] for Or [Ant [pattern='/logout', GET], Ant [pattern='/logout', POST], Ant [pattern='/logout', PUT], Ant [pattern='/logout', DELETE]]
2025-03-26 15:49:59 [restartedMain] [DEBUG] o.s.s.w.a.e.ExpressionBasedFilterInvocationSecurityMetadataSource - Adding web access control expression [permitAll] for ExactUrl [processUrl='/realty']
2025-03-26 15:49:59 [restartedMain] [DEBUG] o.s.s.w.a.e.ExpressionBasedFilterInvocationSecurityMetadataSource - Adding web access control expression [hasRole('ROLE_ADMIN')] for Deferred [Mvc [pattern='/admin/**'], Ant [pattern='/admin/**']]
2025-03-26 15:49:59 [restartedMain] [DEBUG] o.s.s.w.a.e.ExpressionBasedFilterInvocationSecurityMetadataSource - Adding web access control expression [hasRole('ROLE_ADMIN')] for Deferred [Mvc [pattern='/realty/new'], Ant [pattern='/realty/new']]
2025-03-26 15:49:59 [restartedMain] [DEBUG] o.s.s.w.a.e.ExpressionBasedFilterInvocationSecurityMetadataSource - Adding web access control expression [hasRole('ROLE_ADMIN')] for Deferred [Mvc [pattern='/realty/edit/**'], Ant [pattern='/realty/edit/**']]
2025-03-26 15:49:59 [restartedMain] [DEBUG] o.s.s.w.a.e.ExpressionBasedFilterInvocationSecurityMetadataSource - Adding web access control expression [hasRole('ROLE_ADMIN')] for Deferred [Mvc [pattern='/realty/delete/**'], Ant [pattern='/realty/delete/**']]
2025-03-26 15:49:59 [restartedMain] [DEBUG] o.s.s.w.a.e.ExpressionBasedFilterInvocationSecurityMetadataSource - Adding web access control expression [authenticated] for Deferred [Mvc [pattern='/temp'], Ant [pattern='/temp']]
2025-03-26 15:49:59 [restartedMain] [DEBUG] o.s.s.w.a.e.ExpressionBasedFilterInvocationSecurityMetadataSource - Adding web access control expression [permitAll] for any request
2025-03-26 15:49:59 [restartedMain] [DEBUG] o.s.s.web.DefaultSecurityFilterChain - Will secure any request with filters: DisableEncodeUrlFilter, WebAsyncManagerIntegrationFilter, SecurityContextHolderFilter, HeaderWriterFilter, LogoutFilter, OAuth2AuthorizationRequestRedirectFilter, OAuth2LoginAuthenticationFilter, UsernamePasswordAuthenticationFilter, RequestCacheAwareFilter, SecurityContextHolderAwareRequestFilter, AnonymousAuthenticationFilter, ExceptionTranslationFilter, FilterSecurityInterceptor
2025-03-26 15:50:00 [restartedMain] [INFO] o.s.b.d.a.OptionalLiveReloadServer - LiveReload server is running on port 35729
2025-03-26 15:50:00 [restartedMain] [INFO] o.a.coyote.http11.Http11NioProtocol - Starting ProtocolHandler ["http-nio-8080"]
2025-03-26 15:50:00 [restartedMain] [INFO] o.s.b.w.e.tomcat.TomcatWebServer - Tomcat started on port 8080 (http) with context path '/'
2025-03-26 15:50:00 [restartedMain] [INFO] r.k.alliance.AllianceApplication - Started AllianceApplication in 6.701 seconds (process running for 7.873)
2025-03-26 15:50:00 [RMI TCP Connection(2)-192.168.2.209] [INFO] o.a.c.c.C.[Tomcat].[localhost].[/] - Initializing Spring DispatcherServlet 'dispatcherServlet'
2025-03-26 15:50:00 [RMI TCP Connection(2)-192.168.2.209] [INFO] o.s.web.servlet.DispatcherServlet - Initializing Servlet 'dispatcherServlet'
2025-03-26 15:50:00 [RMI TCP Connection(2)-192.168.2.209] [INFO] o.s.web.servlet.DispatcherServlet - Completed initialization in 2 ms
2025-03-26 16:08:59 [HikariPool-1 housekeeper] [WARN] com.zaxxer.hikari.pool.HikariPool - HikariPool-1 - Thread starvation or clock leap detected (housekeeper delta=2m2s789ms779µs700ns).
2025-03-26 17:12:52 [HikariPool-1 housekeeper] [WARN] com.zaxxer.hikari.pool.HikariPool - HikariPool-1 - Thread starvation or clock leap detected (housekeeper delta=6m21s719ms51µs).
2025-03-26 18:31:06 [SpringApplicationShutdownHook] [INFO] o.s.o.j.LocalContainerEntityManagerFactoryBean - Closing JPA EntityManagerFactory for persistence unit 'default'
2025-03-26 18:31:06 [SpringApplicationShutdownHook] [INFO] com.zaxxer.hikari.HikariDataSource - HikariPool-1 - Shutdown initiated...
2025-03-26 18:31:06 [SpringApplicationShutdownHook] [INFO] com.zaxxer.hikari.HikariDataSource - HikariPool-1 - Shutdown completed.
